mode: set
github.com/eliseduverdier/cellular-automata-go/app/renderer/image_renderer.go:15.73,39.30 7 0
github.com/eliseduverdier/cellular-automata-go/app/renderer/image_renderer.go:45.2,50.16 5 0
github.com/eliseduverdier/cellular-automata-go/app/renderer/image_renderer.go:54.2,54.12 1 0
github.com/eliseduverdier/cellular-automata-go/app/renderer/image_renderer.go:39.30,40.30 1 0
github.com/eliseduverdier/cellular-automata-go/app/renderer/image_renderer.go:40.30,42.4 1 0
github.com/eliseduverdier/cellular-automata-go/app/renderer/image_renderer.go:50.16,51.36 1 0
github.com/eliseduverdier/cellular-automata-go/app/renderer/image_renderer.go:57.51,59.2 1 0
github.com/eliseduverdier/cellular-automata-go/app/renderer/text_renderer.go:8.67,25.35 4 1
github.com/eliseduverdier/cellular-automata-go/app/renderer/text_renderer.go:32.2,32.15 1 1
github.com/eliseduverdier/cellular-automata-go/app/renderer/text_renderer.go:25.35,26.39 1 1
github.com/eliseduverdier/cellular-automata-go/app/renderer/text_renderer.go:29.3,29.17 1 1
github.com/eliseduverdier/cellular-automata-go/app/renderer/text_renderer.go:26.39,28.4 1 1
github.com/eliseduverdier/cellular-automata-go/app/renderer/text_renderer.go:35.52,46.2 1 1
github.com/eliseduverdier/cellular-automata-go/app/parameters/parameters.go:25.51,36.17 9 1
github.com/eliseduverdier/cellular-automata-go/app/parameters/parameters.go:39.2,39.16 1 1
github.com/eliseduverdier/cellular-automata-go/app/parameters/parameters.go:42.2,42.16 1 1
github.com/eliseduverdier/cellular-automata-go/app/parameters/parameters.go:45.2,45.17 1 1
github.com/eliseduverdier/cellular-automata-go/app/parameters/parameters.go:48.2,48.15 1 1
github.com/eliseduverdier/cellular-automata-go/app/parameters/parameters.go:54.2,55.33 2 1
github.com/eliseduverdier/cellular-automata-go/app/parameters/parameters.go:66.2,74.3 1 1
github.com/eliseduverdier/cellular-automata-go/app/parameters/parameters.go:36.17,38.3 1 1
github.com/eliseduverdier/cellular-automata-go/app/parameters/parameters.go:39.16,41.3 1 1
github.com/eliseduverdier/cellular-automata-go/app/parameters/parameters.go:42.16,44.3 1 1
github.com/eliseduverdier/cellular-automata-go/app/parameters/parameters.go:45.17,47.3 1 1
github.com/eliseduverdier/cellular-automata-go/app/parameters/parameters.go:48.15,50.3 1 1
github.com/eliseduverdier/cellular-automata-go/app/parameters/parameters.go:55.33,57.3 1 1
github.com/eliseduverdier/cellular-automata-go/app/parameters/parameters.go:57.8,57.35 1 1
github.com/eliseduverdier/cellular-automata-go/app/parameters/parameters.go:57.35,59.26 2 1
github.com/eliseduverdier/cellular-automata-go/app/parameters/parameters.go:59.26,61.4 1 1
github.com/eliseduverdier/cellular-automata-go/app/parameters/parameters.go:62.8,64.3 1 1
github.com/eliseduverdier/cellular-automata-go/app/parameters/parameters.go:78.32,89.34 9 0
github.com/eliseduverdier/cellular-automata-go/app/parameters/parameters.go:100.2,112.3 3 0
github.com/eliseduverdier/cellular-automata-go/app/parameters/parameters.go:89.34,91.3 1 0
github.com/eliseduverdier/cellular-automata-go/app/parameters/parameters.go:91.8,91.39 1 0
github.com/eliseduverdier/cellular-automata-go/app/parameters/parameters.go:91.39,93.3 1 0
github.com/eliseduverdier/cellular-automata-go/app/parameters/parameters.go:93.8,95.26 2 0
github.com/eliseduverdier/cellular-automata-go/app/parameters/parameters.go:95.26,97.4 1 0
github.com/eliseduverdier/cellular-automata-go/app/automata/rule_generator.go:14.65,22.33 5 1
github.com/eliseduverdier/cellular-automata-go/app/automata/rule_generator.go:30.2,30.18 1 1
github.com/eliseduverdier/cellular-automata-go/app/automata/rule_generator.go:22.33,23.28 1 1
github.com/eliseduverdier/cellular-automata-go/app/automata/rule_generator.go:23.28,25.4 1 1
github.com/eliseduverdier/cellular-automata-go/app/automata/rule_generator.go:25.9,27.4 1 1
github.com/eliseduverdier/cellular-automata-go/app/automata/rule_generator.go:35.35,38.32 2 1
github.com/eliseduverdier/cellular-automata-go/app/automata/rule_generator.go:43.2,43.15 1 1
github.com/eliseduverdier/cellular-automata-go/app/automata/rule_generator.go:38.32,41.3 2 1
github.com/eliseduverdier/cellular-automata-go/app/automata/rule_generator.go:47.58,49.2 1 1
github.com/eliseduverdier/cellular-automata-go/app/automata/rule_generator.go:52.43,54.2 1 1
github.com/eliseduverdier/cellular-automata-go/app/automata/cellular_automata.go:18.47,23.32 4 1
github.com/eliseduverdier/cellular-automata-go/app/automata/cellular_automata.go:26.2,26.15 1 1
github.com/eliseduverdier/cellular-automata-go/app/automata/cellular_automata.go:23.32,25.3 1 1
github.com/eliseduverdier/cellular-automata-go/app/automata/cellular_automata.go:30.56,36.2 1 1
github.com/eliseduverdier/cellular-automata-go/app/automata/cellular_automata.go:38.100,41.33 2 1
github.com/eliseduverdier/cellular-automata-go/app/automata/cellular_automata.go:46.2,46.16 1 1
github.com/eliseduverdier/cellular-automata-go/app/automata/cellular_automata.go:41.33,44.3 2 1
github.com/eliseduverdier/cellular-automata-go/app/automata/cellular_automata.go:49.108,54.19 2 1
github.com/eliseduverdier/cellular-automata-go/app/automata/cellular_automata.go:62.2,62.41 1 1
github.com/eliseduverdier/cellular-automata-go/app/automata/cellular_automata.go:66.2,69.12 3 1
github.com/eliseduverdier/cellular-automata-go/app/automata/cellular_automata.go:54.19,56.3 1 1
github.com/eliseduverdier/cellular-automata-go/app/automata/cellular_automata.go:56.8,56.36 1 1
github.com/eliseduverdier/cellular-automata-go/app/automata/cellular_automata.go:56.36,58.3 1 1
github.com/eliseduverdier/cellular-automata-go/app/automata/cellular_automata.go:58.8,60.3 1 1
github.com/eliseduverdier/cellular-automata-go/app/automata/cellular_automata.go:62.41,64.3 1 1
github.com/eliseduverdier/cellular-automata-go/app/automata/first_line.go:12.52,15.23 2 1
github.com/eliseduverdier/cellular-automata-go/app/automata/first_line.go:19.2,19.30 1 1
github.com/eliseduverdier/cellular-automata-go/app/automata/first_line.go:26.2,26.14 1 1
github.com/eliseduverdier/cellular-automata-go/app/automata/first_line.go:15.23,17.3 1 1
github.com/eliseduverdier/cellular-automata-go/app/automata/first_line.go:19.30,24.3 4 1
github.com/eliseduverdier/cellular-automata-go/app/automata/first_line.go:30.50,33.23 2 0
github.com/eliseduverdier/cellular-automata-go/app/automata/first_line.go:37.2,37.14 1 0
github.com/eliseduverdier/cellular-automata-go/app/automata/first_line.go:33.23,35.3 1 0
github.com/eliseduverdier/cellular-automata-go/main.go:10.13,14.21 3 0
github.com/eliseduverdier/cellular-automata-go/main.go:14.21,16.3 1 0
github.com/eliseduverdier/cellular-automata-go/main.go:16.8,18.3 1 0
github.com/eliseduverdier/cellular-automata-go/app/app.go:11.50,22.23 2 1
github.com/eliseduverdier/cellular-automata-go/app/app.go:23.15,25.55 2 1
github.com/eliseduverdier/cellular-automata-go/app/app.go:26.14,28.12 2 1
github.com/eliseduverdier/cellular-automata-go/app/app.go:29.10,30.12 1 0
github.com/eliseduverdier/cellular-automata-go/app/app.go:34.54,46.2 2 1
github.com/eliseduverdier/cellular-automata-go/app/app.go:48.60,60.2 2 0
github.com/eliseduverdier/cellular-automata-go/app/writer/writer_http/http.go:9.19,18.16 6 0
github.com/eliseduverdier/cellular-automata-go/app/writer/writer_http/http.go:18.16,19.30 1 0
github.com/eliseduverdier/cellular-automata-go/app/writer/writer_http/image.go:12.64,17.16 4 1
github.com/eliseduverdier/cellular-automata-go/app/writer/writer_http/image.go:17.16,18.39 1 0
github.com/eliseduverdier/cellular-automata-go/app/writer/writer_http/text.go:12.63,20.2 3 1
github.com/eliseduverdier/cellular-automata-go/app/writer/writer_http/text_custom.go:18.69,22.28 2 0
github.com/eliseduverdier/cellular-automata-go/app/writer/writer_http/text_custom.go:26.2,33.16 6 0
github.com/eliseduverdier/cellular-automata-go/app/writer/writer_http/text_custom.go:22.28,24.3 1 0
github.com/eliseduverdier/cellular-automata-go/app/writer/writer_http/text_custom.go:33.16,34.13 1 0
